URL: https://github.com/Al-Sher/Golang-check-site
Статус ответа: 404
Дата и время: 2023-12-18 11:17:21
